Archive member included because of file (symbol)

/usr/local/CrossPack-AVR-20131216/lib/gcc/avr/4.8.1/avr5/libgcc.a(_exit.o)
                              /usr/local/CrossPack-AVR-20131216/lib/gcc/avr/4.8.1/../../../../avr/lib/avr5/crtm32u4.o (exit)
/usr/local/CrossPack-AVR-20131216/lib/gcc/avr/4.8.1/avr5/libgcc.a(_tablejump.o)
                              lib/key-functions/private.o (__tablejump2__)
/usr/local/CrossPack-AVR-20131216/lib/gcc/avr/4.8.1/avr5/libgcc.a(_copy_data.o)
                              main.o (__do_copy_data)
/usr/local/CrossPack-AVR-20131216/lib/gcc/avr/4.8.1/avr5/libgcc.a(_clear_bss.o)
                              main.o (__do_clear_bss)

Allocating common symbols
Common symbol       size              file

main_loop_row       0x1               main.o
main_layers_pressed
                    0x54              main.o
main_arg_row        0x1               main.o
main_arg_layer      0x1               main.o
layers              0x28              main.o
main_arg_was_pressed
                    0x1               main.o
main_arg_is_pressed
                    0x1               main.o
main_loop_col       0x1               main.o
main_arg_layer_offset
                    0x1               main.o
main_arg_col        0x1               main.o

Discarded input sections

 .bss           0x00000000        0x0 /usr/local/CrossPack-AVR-20131216/lib/gcc/avr/4.8.1/../../../../avr/lib/avr5/crtm32u4.o
 .text          0x00000000        0x0 main.o
 .bss           0x00000000        0x0 main.o
 .text.main_layers_get_offset_id
                0x00000000       0x2a main.o
 .text          0x00000000        0x0 keyboard/ergodox/controller.o
 .bss           0x00000000        0x0 keyboard/ergodox/controller.o
 .text          0x00000000        0x0 keyboard/ergodox/controller/mcp23018.o
 .bss           0x00000000        0x0 keyboard/ergodox/controller/mcp23018.o
 .text          0x00000000        0x0 keyboard/ergodox/controller/teensy-2-0.o
 .bss           0x00000000        0x0 keyboard/ergodox/controller/teensy-2-0.o
 .text          0x00000000        0x0 keyboard/ergodox/layout/default--layout.o
 .bss           0x00000000        0x0 keyboard/ergodox/layout/default--layout.o
 .text          0x00000000        0x0 lib/key-functions/private.o
 .bss           0x00000000        0x0 lib/key-functions/private.o
 .text._kbfun_is_pressed
                0x00000000       0x56 lib/key-functions/private.o
 .progmem.gcc_sw_table._kbfun_is_pressed
                0x00000000       0x10 lib/key-functions/private.o
 .text          0x00000000        0x0 lib/twi/teensy-2-0.o
 .bss           0x00000000        0x0 lib/twi/teensy-2-0.o
 .text          0x00000000        0x0 lib/usb/TODO.o
 .bss           0x00000000        0x0 lib/usb/TODO.o
 .text          0x00000000        0x0 lib/key-functions/public/basic.o
 .bss           0x00000000        0x0 lib/key-functions/public/basic.o
 .text.kbfun_toggle
                0x00000000       0x50 lib/key-functions/public/basic.o
 .text.kbfun_layer_push_2
                0x00000000        0x6 lib/key-functions/public/basic.o
 .text.kbfun_layer_push_3
                0x00000000        0x6 lib/key-functions/public/basic.o
 .text.kbfun_layer_push_4
                0x00000000        0x6 lib/key-functions/public/basic.o
 .text.kbfun_layer_push_5
                0x00000000        0x6 lib/key-functions/public/basic.o
 .text.kbfun_layer_push_6
                0x00000000        0x6 lib/key-functions/public/basic.o
 .text.kbfun_layer_push_7
                0x00000000        0x6 lib/key-functions/public/basic.o
 .text.kbfun_layer_push_8
                0x00000000        0x6 lib/key-functions/public/basic.o
 .text.kbfun_layer_push_9
                0x00000000        0x6 lib/key-functions/public/basic.o
 .text.kbfun_layer_push_10
                0x00000000        0x6 lib/key-functions/public/basic.o
 .text          0x00000000        0x0 lib/key-functions/public/device.o
 .bss           0x00000000        0x0 lib/key-functions/public/device.o
 .text          0x00000000        0x0 lib/key-functions/public/special.o
 .bss           0x00000000        0x0 lib/key-functions/public/special.o
 .text.numpad_toggle_numlock
                0x00000000       0x18 lib/key-functions/public/special.o
 .text.kbfun_shift_press_release
                0x00000000        0xe lib/key-functions/public/special.o
 .text.kbfun_2_keys_capslock_press_release
                0x00000000       0xbe lib/key-functions/public/special.o
 .text.kbfun_layer_push_numpad
                0x00000000       0x42 lib/key-functions/public/special.o
 .text.kbfun_layer_pop_numpad
                0x00000000       0x10 lib/key-functions/public/special.o
 .bss.rshift_pressed.1734
                0x00000000        0x1 lib/key-functions/public/special.o
 .bss.lshift_pressed.1733
                0x00000000        0x1 lib/key-functions/public/special.o
 .bss.keys_pressed.1732
                0x00000000        0x1 lib/key-functions/public/special.o
 .bss.numpad_layer_id
                0x00000000        0x1 lib/key-functions/public/special.o
 .text          0x00000000        0x0 lib-other/pjrc/usb_keyboard/usb_keyboard.o
 .bss           0x00000000        0x0 lib-other/pjrc/usb_keyboard/usb_keyboard.o
 .text.usb_keyboard_press
                0x00000000       0x1e lib-other/pjrc/usb_keyboard/usb_keyboard.o
 .text          0x00000000        0x0 /usr/local/CrossPack-AVR-20131216/lib/gcc/avr/4.8.1/avr5/libgcc.a(_exit.o)
 .bss           0x00000000        0x0 /usr/local/CrossPack-AVR-20131216/lib/gcc/avr/4.8.1/avr5/libgcc.a(_exit.o)
 .text.libgcc.mul
                0x00000000        0x0 /usr/local/CrossPack-AVR-20131216/lib/gcc/avr/4.8.1/avr5/libgcc.a(_exit.o)
 .text.libgcc.div
                0x00000000        0x0 /usr/local/CrossPack-AVR-20131216/lib/gcc/avr/4.8.1/avr5/libgcc.a(_exit.o)
 .text.libgcc   0x00000000        0x0 /usr/local/CrossPack-AVR-20131216/lib/gcc/avr/4.8.1/avr5/libgcc.a(_exit.o)
 .text.libgcc.prologue
                0x00000000        0x0 /usr/local/CrossPack-AVR-20131216/lib/gcc/avr/4.8.1/avr5/libgcc.a(_exit.o)
 .text.libgcc.builtins
                0x00000000        0x0 /usr/local/CrossPack-AVR-20131216/lib/gcc/avr/4.8.1/avr5/libgcc.a(_exit.o)
 .text.libgcc.fmul
                0x00000000        0x0 /usr/local/CrossPack-AVR-20131216/lib/gcc/avr/4.8.1/avr5/libgcc.a(_exit.o)
 .text.libgcc.fixed
                0x00000000        0x0 /usr/local/CrossPack-AVR-20131216/lib/gcc/avr/4.8.1/avr5/libgcc.a(_exit.o)
 .text          0x00000000        0x0 /usr/local/CrossPack-AVR-20131216/lib/gcc/avr/4.8.1/avr5/libgcc.a(_tablejump.o)
 .bss           0x00000000        0x0 /usr/local/CrossPack-AVR-20131216/lib/gcc/avr/4.8.1/avr5/libgcc.a(_tablejump.o)
 .text.libgcc.mul
                0x00000000        0x0 /usr/local/CrossPack-AVR-20131216/lib/gcc/avr/4.8.1/avr5/libgcc.a(_tablejump.o)
 .text.libgcc.div
                0x00000000        0x0 /usr/local/CrossPack-AVR-20131216/lib/gcc/avr/4.8.1/avr5/libgcc.a(_tablejump.o)
 .text.libgcc.prologue
                0x00000000        0x0 /usr/local/CrossPack-AVR-20131216/lib/gcc/avr/4.8.1/avr5/libgcc.a(_tablejump.o)
 .text.libgcc.builtins
                0x00000000        0x0 /usr/local/CrossPack-AVR-20131216/lib/gcc/avr/4.8.1/avr5/libgcc.a(_tablejump.o)
 .text.libgcc.fmul
                0x00000000        0x0 /usr/local/CrossPack-AVR-20131216/lib/gcc/avr/4.8.1/avr5/libgcc.a(_tablejump.o)
 .text.libgcc.fixed
                0x00000000        0x0 /usr/local/CrossPack-AVR-20131216/lib/gcc/avr/4.8.1/avr5/libgcc.a(_tablejump.o)
 .text          0x00000000        0x0 /usr/local/CrossPack-AVR-20131216/lib/gcc/avr/4.8.1/avr5/libgcc.a(_copy_data.o)
 .bss           0x00000000        0x0 /usr/local/CrossPack-AVR-20131216/lib/gcc/avr/4.8.1/avr5/libgcc.a(_copy_data.o)
 .text.libgcc.mul
                0x00000000        0x0 /usr/local/CrossPack-AVR-20131216/lib/gcc/avr/4.8.1/avr5/libgcc.a(_copy_data.o)
 .text.libgcc.div
                0x00000000        0x0 /usr/local/CrossPack-AVR-20131216/lib/gcc/avr/4.8.1/avr5/libgcc.a(_copy_data.o)
 .text.libgcc   0x00000000        0x0 /usr/local/CrossPack-AVR-20131216/lib/gcc/avr/4.8.1/avr5/libgcc.a(_copy_data.o)
 .text.libgcc.prologue
                0x00000000        0x0 /usr/local/CrossPack-AVR-20131216/lib/gcc/avr/4.8.1/avr5/libgcc.a(_copy_data.o)
 .text.libgcc.builtins
                0x00000000        0x0 /usr/local/CrossPack-AVR-20131216/lib/gcc/avr/4.8.1/avr5/libgcc.a(_copy_data.o)
 .text.libgcc.fmul
                0x00000000        0x0 /usr/local/CrossPack-AVR-20131216/lib/gcc/avr/4.8.1/avr5/libgcc.a(_copy_data.o)
 .text.libgcc.fixed
                0x00000000        0x0 /usr/local/CrossPack-AVR-20131216/lib/gcc/avr/4.8.1/avr5/libgcc.a(_copy_data.o)
 .text          0x00000000        0x0 /usr/local/CrossPack-AVR-20131216/lib/gcc/avr/4.8.1/avr5/libgcc.a(_clear_bss.o)
 .bss           0x00000000        0x0 /usr/local/CrossPack-AVR-20131216/lib/gcc/avr/4.8.1/avr5/libgcc.a(_clear_bss.o)
 .text.libgcc.mul
                0x00000000        0x0 /usr/local/CrossPack-AVR-20131216/lib/gcc/avr/4.8.1/avr5/libgcc.a(_clear_bss.o)
 .text.libgcc.div
                0x00000000        0x0 /usr/local/CrossPack-AVR-20131216/lib/gcc/avr/4.8.1/avr5/libgcc.a(_clear_bss.o)
 .text.libgcc   0x00000000        0x0 /usr/local/CrossPack-AVR-20131216/lib/gcc/avr/4.8.1/avr5/libgcc.a(_clear_bss.o)
 .text.libgcc.prologue
                0x00000000        0x0 /usr/local/CrossPack-AVR-20131216/lib/gcc/avr/4.8.1/avr5/libgcc.a(_clear_bss.o)
 .text.libgcc.builtins
                0x00000000        0x0 /usr/local/CrossPack-AVR-20131216/lib/gcc/avr/4.8.1/avr5/libgcc.a(_clear_bss.o)
 .text.libgcc.fmul
                0x00000000        0x0 /usr/local/CrossPack-AVR-20131216/lib/gcc/avr/4.8.1/avr5/libgcc.a(_clear_bss.o)
 .text.libgcc.fixed
                0x00000000        0x0 /usr/local/CrossPack-AVR-20131216/lib/gcc/avr/4.8.1/avr5/libgcc.a(_clear_bss.o)

Memory Configuration

Name             Origin             Length             Attributes
text             0x00000000         0x00020000         xr
data             0x00800060         0x0000ffa0         rw !x
eeprom           0x00810000         0x00010000         rw !x
fuse             0x00820000         0x00000400         rw !x
lock             0x00830000         0x00000400         rw !x
signature        0x00840000         0x00000400         rw !x
user_signatures  0x00850000         0x00000400         rw !x
*default*        0x00000000         0xffffffff

Linker script and memory map

Address of section .data set to 0x800100
LOAD /usr/local/CrossPack-AVR-20131216/lib/gcc/avr/4.8.1/../../../../avr/lib/avr5/crtm32u4.o
LOAD main.o
LOAD keyboard/ergodox/controller.o
LOAD keyboard/ergodox/controller/mcp23018.o
LOAD keyboard/ergodox/controller/teensy-2-0.o
LOAD keyboard/ergodox/layout/default--layout.o
LOAD lib/key-functions/private.o
LOAD lib/twi/teensy-2-0.o
LOAD lib/usb/TODO.o
LOAD lib/key-functions/public/basic.o
LOAD lib/key-functions/public/device.o
LOAD lib/key-functions/public/special.o
LOAD lib-other/pjrc/usb_keyboard/usb_keyboard.o
START GROUP
LOAD /usr/local/CrossPack-AVR-20131216/lib/gcc/avr/4.8.1/avr5/libgcc.a
LOAD /usr/local/CrossPack-AVR-20131216/lib/gcc/avr/4.8.1/../../../../avr/lib/avr5/libm.a
LOAD /usr/local/CrossPack-AVR-20131216/lib/gcc/avr/4.8.1/../../../../avr/lib/avr5/libc.a
END GROUP

.hash
 *(.hash)

.dynsym
 *(.dynsym)

.dynstr
 *(.dynstr)

.gnu.version
 *(.gnu.version)

.gnu.version_d
 *(.gnu.version_d)

.gnu.version_r
 *(.gnu.version_r)

.rel.init
 *(.rel.init)

.rela.init
 *(.rela.init)

.rel.text
 *(.rel.text)
 *(.rel.text.*)
 *(.rel.gnu.linkonce.t*)

.rela.text
 *(.rela.text)
 *(.rela.text.*)
 *(.rela.gnu.linkonce.t*)

.rel.fini
 *(.rel.fini)

.rela.fini
 *(.rela.fini)

.rel.rodata
 *(.rel.rodata)
 *(.rel.rodata.*)
 *(.rel.gnu.linkonce.r*)

.rela.rodata
 *(.rela.rodata)
 *(.rela.rodata.*)
 *(.rela.gnu.linkonce.r*)

.rel.data
 *(.rel.data)
 *(.rel.data.*)
 *(.rel.gnu.linkonce.d*)

.rela.data
 *(.rela.data)
 *(.rela.data.*)
 *(.rela.gnu.linkonce.d*)

.rel.ctors
 *(.rel.ctors)

.rela.ctors
 *(.rela.ctors)

.rel.dtors
 *(.rel.dtors)

.rela.dtors
 *(.rela.dtors)

.rel.got
 *(.rel.got)

.rela.got
 *(.rela.got)

.rel.bss
 *(.rel.bss)

.rela.bss
 *(.rela.bss)

.rel.plt
 *(.rel.plt)

.rela.plt
 *(.rela.plt)

.text           0x00000000     0x21e4
 *(.vectors)
 .vectors       0x00000000       0xac /usr/local/CrossPack-AVR-20131216/lib/gcc/avr/4.8.1/../../../../avr/lib/avr5/crtm32u4.o
                0x00000000                __vectors
                0x00000000                __vector_default
 *(.vectors)
 *(.progmem.gcc*)
 .progmem.gcc_sw_table._kbfun_press_release
                0x000000ac       0x10 lib/key-functions/private.o
                0x000000bc                . = ALIGN (0x2)
                0x000000bc                __trampolines_start = .
 *(.trampolines)
 .trampolines   0x000000bc        0x0 linker stubs
 *(.trampolines*)
                0x000000bc                __trampolines_end = .
 *(.progmem*)
 .progmem.data._kb_layout_release
                0x000000bc      0x690 keyboard/ergodox/layout/default--layout.o
                0x000000bc                _kb_layout_release
 .progmem.data._kb_layout_press
                0x0000074c      0x690 keyboard/ergodox/layout/default--layout.o
                0x0000074c                _kb_layout_press
 .progmem.data._kb_layout
                0x00000ddc      0x348 keyboard/ergodox/layout/default--layout.o
                0x00000ddc                _kb_layout
 .progmem.data.descriptor_list
                0x00001124       0x31 lib-other/pjrc/usb_keyboard/usb_keyboard.o
 .progmem.data.string2
                0x00001155       0x38 lib-other/pjrc/usb_keyboard/usb_keyboard.o
 .progmem.data.string1
                0x0000118d       0x1a lib-other/pjrc/usb_keyboard/usb_keyboard.o
 .progmem.data.string0
                0x000011a7        0x4 lib-other/pjrc/usb_keyboard/usb_keyboard.o
 .progmem.data.config1_descriptor
                0x000011ab       0x22 lib-other/pjrc/usb_keyboard/usb_keyboard.o
 .progmem.data.keyboard_hid_report_desc
                0x000011cd       0x3f lib-other/pjrc/usb_keyboard/usb_keyboard.o
 .progmem.data.device_descriptor
                0x0000120c       0x12 lib-other/pjrc/usb_keyboard/usb_keyboard.o
 .progmem.data.endpoint_config_table
                0x0000121e        0x6 lib-other/pjrc/usb_keyboard/usb_keyboard.o
                0x00001224                . = ALIGN (0x2)
 *(.jumptables)
 *(.jumptables*)
 *(.lowtext)
 *(.lowtext*)
                0x00001224                __ctors_start = .
 *(.ctors)
                0x00001224                __ctors_end = .
                0x00001224                __dtors_start = .
 *(.dtors)
                0x00001224                __dtors_end = .
 SORT(*)(.ctors)
 SORT(*)(.dtors)
 *(.init0)
 .init0         0x00001224        0x0 /usr/local/CrossPack-AVR-20131216/lib/gcc/avr/4.8.1/../../../../avr/lib/avr5/crtm32u4.o
                0x00001224                __init
 *(.init0)
 *(.init1)
 *(.init1)
 *(.init2)
 .init2         0x00001224        0xc /usr/local/CrossPack-AVR-20131216/lib/gcc/avr/4.8.1/../../../../avr/lib/avr5/crtm32u4.o
 *(.init2)
 *(.init3)
 *(.init3)
 *(.init4)
 .init4         0x00001230       0x16 /usr/local/CrossPack-AVR-20131216/lib/gcc/avr/4.8.1/avr5/libgcc.a(_copy_data.o)
                0x00001230                __do_copy_data
 .init4         0x00001246       0x10 /usr/local/CrossPack-AVR-20131216/lib/gcc/avr/4.8.1/avr5/libgcc.a(_clear_bss.o)
                0x00001246                __do_clear_bss
 *(.init4)
 *(.init5)
 *(.init5)
 *(.init6)
 *(.init6)
 *(.init7)
 *(.init7)
 *(.init8)
 *(.init8)
 *(.init9)
 .init9         0x00001256        0x4 /usr/local/CrossPack-AVR-20131216/lib/gcc/avr/4.8.1/../../../../avr/lib/avr5/crtm32u4.o
 *(.init9)
 *(.text)
 .text          0x0000125a        0x4 /usr/local/CrossPack-AVR-20131216/lib/gcc/avr/4.8.1/../../../../avr/lib/avr5/crtm32u4.o
                0x0000125a                __vector_42
                0x0000125a                __vector_22
                0x0000125a                __vector_28
                0x0000125a                __vector_1
                0x0000125a                __vector_32
                0x0000125a                __vector_34
                0x0000125a                __vector_24
                0x0000125a                __vector_12
                0x0000125a                __bad_interrupt
                0x0000125a                __vector_6
                0x0000125a                __vector_31
                0x0000125a                __vector_35
                0x0000125a                __vector_39
                0x0000125a                __vector_3
                0x0000125a                __vector_23
                0x0000125a                __vector_30
                0x0000125a                __vector_25
                0x0000125a                __vector_13
                0x0000125a                __vector_17
                0x0000125a                __vector_19
                0x0000125a                __vector_7
                0x0000125a                __vector_41
                0x0000125a                __vector_27
                0x0000125a                __vector_5
                0x0000125a                __vector_33
                0x0000125a                __vector_37
                0x0000125a                __vector_4
                0x0000125a                __vector_9
                0x0000125a                __vector_2
                0x0000125a                __vector_21
                0x0000125a                __vector_15
                0x0000125a                __vector_36
                0x0000125a                __vector_29
                0x0000125a                __vector_40
                0x0000125a                __vector_8
                0x0000125a                __vector_26
                0x0000125a                __vector_14
                0x0000125a                __vector_16
                0x0000125a                __vector_18
                0x0000125a                __vector_20
                0x0000125a                __vector_38
                0x0000125e                . = ALIGN (0x2)
 *(.text.*)
 .text.main_exec_key
                0x0000125e       0x60 main.o
                0x0000125e                main_exec_key
 .text.main_layers_peek
                0x000012be       0x1e main.o
                0x000012be                main_layers_peek
 .text.startup.main
                0x000012dc      0x19e main.o
                0x000012dc                main
 .text.main_layers_push
                0x0000147a       0x42 main.o
                0x0000147a                main_layers_push
 .text.main_layers_pop_id
                0x000014bc       0x70 main.o
                0x000014bc                main_layers_pop_id
 .text.kb_init  0x0000152c       0x18 keyboard/ergodox/controller.o
                0x0000152c                kb_init
 .text.kb_update_matrix
                0x00001544       0x24 keyboard/ergodox/controller.o
                0x00001544                kb_update_matrix
 .text.mcp23018_init
                0x00001568       0x56 keyboard/ergodox/controller/mcp23018.o
                0x00001568                mcp23018_init
 .text.mcp23018_update_matrix
                0x000015be       0xfa keyboard/ergodox/controller/mcp23018.o
                0x000015be                mcp23018_update_matrix
 .text.teensy_init
                0x000016b8      0x192 keyboard/ergodox/controller/teensy-2-0.o
                0x000016b8                teensy_init
 .text.teensy_update_matrix
                0x0000184a      0x28c keyboard/ergodox/controller/teensy-2-0.o
                0x0000184a                teensy_update_matrix
 .text.kbfun_layer_pop_all
                0x00001ad6       0x14 keyboard/ergodox/layout/default--layout.o
                0x00001ad6                kbfun_layer_pop_all
 .text._kbfun_press_release
                0x00001aea       0xbe lib/key-functions/private.o
                0x00001aea                _kbfun_press_release
 .text.twi_init
                0x00001ba8       0x12 lib/twi/teensy-2-0.o
                0x00001ba8                twi_init
 .text.twi_start
                0x00001bba       0x2e lib/twi/teensy-2-0.o
                0x00001bba                twi_start
 .text.twi_stop
                0x00001be8       0x10 lib/twi/teensy-2-0.o
                0x00001be8                twi_stop
 .text.twi_send
                0x00001bf8       0x3c lib/twi/teensy-2-0.o
                0x00001bf8                twi_send
 .text.twi_read
                0x00001c34       0x2c lib/twi/teensy-2-0.o
                0x00001c34                twi_read
 .text.layer_pop
                0x00001c60       0x1e lib/key-functions/public/basic.o
 .text.layer_push
                0x00001c7e       0x50 lib/key-functions/public/basic.o
 .text.kbfun_press_release
                0x00001cce       0x2e lib/key-functions/public/basic.o
                0x00001cce                kbfun_press_release
 .text.kbfun_transparent
                0x00001cfc       0x2c lib/key-functions/public/basic.o
                0x00001cfc                kbfun_transparent
 .text.kbfun_layer_push_1
                0x00001d28        0x4 lib/key-functions/public/basic.o
                0x00001d28                kbfun_layer_push_1
 .text.kbfun_layer_pop_1
                0x00001d2c        0x4 lib/key-functions/public/basic.o
                0x00001d2c                kbfun_layer_pop_1
 .text.kbfun_layer_pop_2
                0x00001d30        0x4 lib/key-functions/public/basic.o
                0x00001d30                kbfun_layer_pop_2
 .text.kbfun_layer_pop_3
                0x00001d34        0x4 lib/key-functions/public/basic.o
                0x00001d34                kbfun_layer_pop_3
 .text.kbfun_layer_pop_4
                0x00001d38        0x4 lib/key-functions/public/basic.o
                0x00001d38                kbfun_layer_pop_4
 .text.kbfun_layer_pop_5
                0x00001d3c        0x4 lib/key-functions/public/basic.o
                0x00001d3c                kbfun_layer_pop_5
 .text.kbfun_layer_pop_6
                0x00001d40        0x4 lib/key-functions/public/basic.o
                0x00001d40                kbfun_layer_pop_6
 .text.kbfun_layer_pop_7
                0x00001d44        0x4 lib/key-functions/public/basic.o
                0x00001d44                kbfun_layer_pop_7
 .text.kbfun_layer_pop_8
                0x00001d48        0x4 lib/key-functions/public/basic.o
                0x00001d48                kbfun_layer_pop_8
 .text.kbfun_layer_pop_9
                0x00001d4c        0x4 lib/key-functions/public/basic.o
                0x00001d4c                kbfun_layer_pop_9
 .text.kbfun_layer_pop_10
                0x00001d50        0x4 lib/key-functions/public/basic.o
                0x00001d50                kbfun_layer_pop_10
 .text.kbfun_jump_to_bootloader
                0x00001d54       0x64 lib/key-functions/public/device.o
                0x00001d54                kbfun_jump_to_bootloader
 .text.usb_wait_in_ready
                0x00001db8        0xa lib-other/pjrc/usb_keyboard/usb_keyboard.o
 .text.usb_init
                0x00001dc2       0x2e lib-other/pjrc/usb_keyboard/usb_keyboard.o
                0x00001dc2                usb_init
 .text.usb_configured
                0x00001df0        0x6 lib-other/pjrc/usb_keyboard/usb_keyboard.o
                0x00001df0                usb_configured
 .text.usb_keyboard_send
                0x00001df6       0x70 lib-other/pjrc/usb_keyboard/usb_keyboard.o
                0x00001df6                usb_keyboard_send
 .text.__vector_10
                0x00001e66       0xb8 lib-other/pjrc/usb_keyboard/usb_keyboard.o
                0x00001e66                __vector_10
 .text.__vector_11
                0x00001f1e      0x2b6 lib-other/pjrc/usb_keyboard/usb_keyboard.o
                0x00001f1e                __vector_11
 .text.libgcc   0x000021d4        0xc /usr/local/CrossPack-AVR-20131216/lib/gcc/avr/4.8.1/avr5/libgcc.a(_tablejump.o)
                0x000021d4                __tablejump2__
                0x000021d8                __tablejump__
                0x000021e0                . = ALIGN (0x2)
 *(.fini9)
 .fini9         0x000021e0        0x0 /usr/local/CrossPack-AVR-20131216/lib/gcc/avr/4.8.1/avr5/libgcc.a(_exit.o)
                0x000021e0                exit
                0x000021e0                _exit
 *(.fini9)
 *(.fini8)
 *(.fini8)
 *(.fini7)
 *(.fini7)
 *(.fini6)
 *(.fini6)
 *(.fini5)
 *(.fini5)
 *(.fini4)
 *(.fini4)
 *(.fini3)
 *(.fini3)
 *(.fini2)
 *(.fini2)
 *(.fini1)
 *(.fini1)
 *(.fini0)
 .fini0         0x000021e0        0x4 /usr/local/CrossPack-AVR-20131216/lib/gcc/avr/4.8.1/avr5/libgcc.a(_exit.o)
 *(.fini0)
                0x000021e4                _etext = .

.data           0x00800100       0x1a load address 0x000021e4
                0x00800100                PROVIDE (__data_start, .)
 *(.data)
 .data          0x00800100        0x0 /usr/local/CrossPack-AVR-20131216/lib/gcc/avr/4.8.1/../../../../avr/lib/avr5/crtm32u4.o
 .data          0x00800100        0x0 main.o
 .data          0x00800100        0x0 keyboard/ergodox/controller.o
 .data          0x00800100        0x0 keyboard/ergodox/controller/mcp23018.o
 .data          0x00800100        0x0 keyboard/ergodox/controller/teensy-2-0.o
 .data          0x00800100        0x0 keyboard/ergodox/layout/default--layout.o
 .data          0x00800100        0x0 lib/key-functions/private.o
 .data          0x00800100        0x0 lib/twi/teensy-2-0.o
 .data          0x00800100        0x0 lib/usb/TODO.o
 .data          0x00800100        0x0 lib/key-functions/public/basic.o
 .data          0x00800100        0x0 lib/key-functions/public/device.o
 .data          0x00800100        0x0 lib/key-functions/public/special.o
 .data          0x00800100        0x0 lib-other/pjrc/usb_keyboard/usb_keyboard.o
 .data          0x00800100        0x0 /usr/local/CrossPack-AVR-20131216/lib/gcc/avr/4.8.1/avr5/libgcc.a(_exit.o)
 .data          0x00800100        0x0 /usr/local/CrossPack-AVR-20131216/lib/gcc/avr/4.8.1/avr5/libgcc.a(_tablejump.o)
 .data          0x00800100        0x0 /usr/local/CrossPack-AVR-20131216/lib/gcc/avr/4.8.1/avr5/libgcc.a(_copy_data.o)
 .data          0x00800100        0x0 /usr/local/CrossPack-AVR-20131216/lib/gcc/avr/4.8.1/avr5/libgcc.a(_clear_bss.o)
 *(.data*)
 .data.layers_ids_in_use
                0x00800100       0x14 main.o
                0x00800100                layers_ids_in_use
 .data.main_kb_was_pressed
                0x00800114        0x2 main.o
                0x00800114                main_kb_was_pressed
 .data.main_kb_is_pressed
                0x00800116        0x2 main.o
                0x00800116                main_kb_is_pressed
 .data.keyboard_idle_config
                0x00800118        0x1 lib-other/pjrc/usb_keyboard/usb_keyboard.o
 .data.keyboard_protocol
                0x00800119        0x1 lib-other/pjrc/usb_keyboard/usb_keyboard.o
 *(.rodata)
 *(.rodata*)
 *(.gnu.linkonce.d*)
                0x0080011a                . = ALIGN (0x2)
                0x0080011a                _edata = .
                0x0080011a                PROVIDE (__data_end, .)

.bss            0x0080011a      0x14c
                0x0080011a                PROVIDE (__bss_start, .)
 *(.bss)
 *(.bss*)
 .bss.layers_head
                0x0080011a        0x1 main.o
                0x0080011a                layers_head
 .bss._main_kb_was_pressed
                0x0080011b       0x54 main.o
 .bss._main_kb_is_pressed
                0x0080016f       0x54 main.o
 .bss.layer_ids
                0x008001c3       0x14 lib/key-functions/public/basic.o
 .bss.div4.1691
                0x008001d7        0x1 lib-other/pjrc/usb_keyboard/usb_keyboard.o
 .bss.keyboard_leds
                0x008001d8        0x1 lib-other/pjrc/usb_keyboard/usb_keyboard.o
                0x008001d8                keyboard_leds
 .bss.keyboard_idle_count
                0x008001d9        0x1 lib-other/pjrc/usb_keyboard/usb_keyboard.o
 .bss.keyboard_keys
                0x008001da        0x6 lib-other/pjrc/usb_keyboard/usb_keyboard.o
                0x008001da                keyboard_keys
 .bss.keyboard_modifier_keys
                0x008001e0        0x1 lib-other/pjrc/usb_keyboard/usb_keyboard.o
                0x008001e0                keyboard_modifier_keys
 .bss.usb_configuration
                0x008001e1        0x1 lib-other/pjrc/usb_keyboard/usb_keyboard.o
 *(COMMON)
 COMMON         0x008001e2       0x84 main.o
                0x008001e2                main_loop_row
                0x008001e3                main_layers_pressed
                0x00800237                main_arg_row
                0x00800238                main_arg_layer
                0x00800239                layers
                0x00800261                main_arg_was_pressed
                0x00800262                main_arg_is_pressed
                0x00800263                main_loop_col
                0x00800264                main_arg_layer_offset
                0x00800265                main_arg_col
                0x00800266                PROVIDE (__bss_end, .)
                0x000021e4                __data_load_start = LOADADDR (.data)
                0x000021fe                __data_load_end = (__data_load_start + SIZEOF (.data))

.noinit         0x00800266        0x0
                0x00800266                PROVIDE (__noinit_start, .)
 *(.noinit*)
                0x00800266                PROVIDE (__noinit_end, .)
                0x00800266                _end = .
                0x00800266                PROVIDE (__heap_start, .)

.eeprom         0x00810000        0x0
 *(.eeprom*)
                0x00810000                __eeprom_end = .

.fuse
 *(.fuse)
 *(.lfuse)
 *(.hfuse)
 *(.efuse)

.lock
 *(.lock*)

.signature
 *(.signature*)

.user_signatures
 *(.user_signatures*)

.stab
 *(.stab)

.stabstr
 *(.stabstr)

.stab.excl
 *(.stab.excl)

.stab.exclstr
 *(.stab.exclstr)

.stab.index
 *(.stab.index)

.stab.indexstr
 *(.stab.indexstr)

.comment        0x00000000       0x11
 *(.comment)
 .comment       0x00000000       0x11 main.o
                                 0x12 (size before relaxing)
 .comment       0x00000000       0x12 keyboard/ergodox/controller.o
 .comment       0x00000000       0x12 keyboard/ergodox/controller/mcp23018.o
 .comment       0x00000000       0x12 keyboard/ergodox/controller/teensy-2-0.o
 .comment       0x00000000       0x12 keyboard/ergodox/layout/default--layout.o
 .comment       0x00000000       0x12 lib/key-functions/private.o
 .comment       0x00000000       0x12 lib/twi/teensy-2-0.o
 .comment       0x00000000       0x12 lib/usb/TODO.o
 .comment       0x00000000       0x12 lib/key-functions/public/basic.o
 .comment       0x00000000       0x12 lib/key-functions/public/device.o
 .comment       0x00000000       0x12 lib/key-functions/public/special.o
 .comment       0x00000000       0x12 lib-other/pjrc/usb_keyboard/usb_keyboard.o

.debug
 *(.debug)

.line
 *(.line)

.debug_srcinfo
 *(.debug_srcinfo)

.debug_sfnames
 *(.debug_sfnames)

.debug_aranges  0x00000000       0x80
 *(.debug_aranges)
 .debug_aranges
                0x00000000       0x20 /usr/local/CrossPack-AVR-20131216/lib/gcc/avr/4.8.1/avr5/libgcc.a(_exit.o)
 .debug_aranges
                0x00000020       0x20 /usr/local/CrossPack-AVR-20131216/lib/gcc/avr/4.8.1/avr5/libgcc.a(_tablejump.o)
 .debug_aranges
                0x00000040       0x20 /usr/local/CrossPack-AVR-20131216/lib/gcc/avr/4.8.1/avr5/libgcc.a(_copy_data.o)
 .debug_aranges
                0x00000060       0x20 /usr/local/CrossPack-AVR-20131216/lib/gcc/avr/4.8.1/avr5/libgcc.a(_clear_bss.o)

.debug_pubnames
 *(.debug_pubnames)

.debug_info     0x00000000      0x2f8
 *(.debug_info)
 .debug_info    0x00000000       0xbe /usr/local/CrossPack-AVR-20131216/lib/gcc/avr/4.8.1/avr5/libgcc.a(_exit.o)
 .debug_info    0x000000be       0xbe /usr/local/CrossPack-AVR-20131216/lib/gcc/avr/4.8.1/avr5/libgcc.a(_tablejump.o)
 .debug_info    0x0000017c       0xbe /usr/local/CrossPack-AVR-20131216/lib/gcc/avr/4.8.1/avr5/libgcc.a(_copy_data.o)
 .debug_info    0x0000023a       0xbe /usr/local/CrossPack-AVR-20131216/lib/gcc/avr/4.8.1/avr5/libgcc.a(_clear_bss.o)
 *(.gnu.linkonce.wi.*)

.debug_abbrev   0x00000000       0x50
 *(.debug_abbrev)
 .debug_abbrev  0x00000000       0x14 /usr/local/CrossPack-AVR-20131216/lib/gcc/avr/4.8.1/avr5/libgcc.a(_exit.o)
 .debug_abbrev  0x00000014       0x14 /usr/local/CrossPack-AVR-20131216/lib/gcc/avr/4.8.1/avr5/libgcc.a(_tablejump.o)
 .debug_abbrev  0x00000028       0x14 /usr/local/CrossPack-AVR-20131216/lib/gcc/avr/4.8.1/avr5/libgcc.a(_copy_data.o)
 .debug_abbrev  0x0000003c       0x14 /usr/local/CrossPack-AVR-20131216/lib/gcc/avr/4.8.1/avr5/libgcc.a(_clear_bss.o)

.debug_line     0x00000000      0x173
 *(.debug_line)
 .debug_line    0x00000000       0x58 /usr/local/CrossPack-AVR-20131216/lib/gcc/avr/4.8.1/avr5/libgcc.a(_exit.o)
 .debug_line    0x00000058       0x5c /usr/local/CrossPack-AVR-20131216/lib/gcc/avr/4.8.1/avr5/libgcc.a(_tablejump.o)
 .debug_line    0x000000b4       0x61 /usr/local/CrossPack-AVR-20131216/lib/gcc/avr/4.8.1/avr5/libgcc.a(_copy_data.o)
 .debug_line    0x00000115       0x5e /usr/local/CrossPack-AVR-20131216/lib/gcc/avr/4.8.1/avr5/libgcc.a(_clear_bss.o)

.debug_frame
 *(.debug_frame)

.debug_str
 *(.debug_str)

.debug_loc
 *(.debug_loc)

.debug_macinfo
 *(.debug_macinfo)

.debug_pubtypes
 *(.debug_pubtypes)

.debug_ranges
 *(.debug_ranges)

.debug_macro
 *(.debug_macro)
OUTPUT(firmware.elf elf32-avr)
LOAD linker stubs

Cross Reference Table

Symbol                                            File
__bad_interrupt                                   /usr/local/CrossPack-AVR-20131216/lib/gcc/avr/4.8.1/../../../../avr/lib/avr5/crtm32u4.o
__bss_end                                         /usr/local/CrossPack-AVR-20131216/lib/gcc/avr/4.8.1/avr5/libgcc.a(_clear_bss.o)
__bss_start                                       /usr/local/CrossPack-AVR-20131216/lib/gcc/avr/4.8.1/avr5/libgcc.a(_clear_bss.o)
__data_end                                        /usr/local/CrossPack-AVR-20131216/lib/gcc/avr/4.8.1/avr5/libgcc.a(_copy_data.o)
__data_load_start                                 /usr/local/CrossPack-AVR-20131216/lib/gcc/avr/4.8.1/avr5/libgcc.a(_copy_data.o)
__data_start                                      /usr/local/CrossPack-AVR-20131216/lib/gcc/avr/4.8.1/avr5/libgcc.a(_copy_data.o)
__do_clear_bss                                    /usr/local/CrossPack-AVR-20131216/lib/gcc/avr/4.8.1/avr5/libgcc.a(_clear_bss.o)
                                                  lib-other/pjrc/usb_keyboard/usb_keyboard.o
                                                  lib/key-functions/public/special.o
                                                  lib/key-functions/public/basic.o
                                                  main.o
__do_copy_data                                    /usr/local/CrossPack-AVR-20131216/lib/gcc/avr/4.8.1/avr5/libgcc.a(_copy_data.o)
                                                  lib-other/pjrc/usb_keyboard/usb_keyboard.o
                                                  main.o
__heap_end                                        /usr/local/CrossPack-AVR-20131216/lib/gcc/avr/4.8.1/../../../../avr/lib/avr5/crtm32u4.o
__init                                            /usr/local/CrossPack-AVR-20131216/lib/gcc/avr/4.8.1/../../../../avr/lib/avr5/crtm32u4.o
__stack                                           /usr/local/CrossPack-AVR-20131216/lib/gcc/avr/4.8.1/../../../../avr/lib/avr5/crtm32u4.o
__tablejump2__                                    /usr/local/CrossPack-AVR-20131216/lib/gcc/avr/4.8.1/avr5/libgcc.a(_tablejump.o)
                                                  lib/key-functions/private.o
__tablejump__                                     /usr/local/CrossPack-AVR-20131216/lib/gcc/avr/4.8.1/avr5/libgcc.a(_tablejump.o)
__vector_1                                        /usr/local/CrossPack-AVR-20131216/lib/gcc/avr/4.8.1/../../../../avr/lib/avr5/crtm32u4.o
__vector_10                                       lib-other/pjrc/usb_keyboard/usb_keyboard.o
                                                  /usr/local/CrossPack-AVR-20131216/lib/gcc/avr/4.8.1/../../../../avr/lib/avr5/crtm32u4.o
__vector_11                                       lib-other/pjrc/usb_keyboard/usb_keyboard.o
                                                  /usr/local/CrossPack-AVR-20131216/lib/gcc/avr/4.8.1/../../../../avr/lib/avr5/crtm32u4.o
__vector_12                                       /usr/local/CrossPack-AVR-20131216/lib/gcc/avr/4.8.1/../../../../avr/lib/avr5/crtm32u4.o
__vector_13                                       /usr/local/CrossPack-AVR-20131216/lib/gcc/avr/4.8.1/../../../../avr/lib/avr5/crtm32u4.o
__vector_14                                       /usr/local/CrossPack-AVR-20131216/lib/gcc/avr/4.8.1/../../../../avr/lib/avr5/crtm32u4.o
__vector_15                                       /usr/local/CrossPack-AVR-20131216/lib/gcc/avr/4.8.1/../../../../avr/lib/avr5/crtm32u4.o
__vector_16                                       /usr/local/CrossPack-AVR-20131216/lib/gcc/avr/4.8.1/../../../../avr/lib/avr5/crtm32u4.o
__vector_17                                       /usr/local/CrossPack-AVR-20131216/lib/gcc/avr/4.8.1/../../../../avr/lib/avr5/crtm32u4.o
__vector_18                                       /usr/local/CrossPack-AVR-20131216/lib/gcc/avr/4.8.1/../../../../avr/lib/avr5/crtm32u4.o
__vector_19                                       /usr/local/CrossPack-AVR-20131216/lib/gcc/avr/4.8.1/../../../../avr/lib/avr5/crtm32u4.o
__vector_2                                        /usr/local/CrossPack-AVR-20131216/lib/gcc/avr/4.8.1/../../../../avr/lib/avr5/crtm32u4.o
__vector_20                                       /usr/local/CrossPack-AVR-20131216/lib/gcc/avr/4.8.1/../../../../avr/lib/avr5/crtm32u4.o
__vector_21                                       /usr/local/CrossPack-AVR-20131216/lib/gcc/avr/4.8.1/../../../../avr/lib/avr5/crtm32u4.o
__vector_22                                       /usr/local/CrossPack-AVR-20131216/lib/gcc/avr/4.8.1/../../../../avr/lib/avr5/crtm32u4.o
__vector_23                                       /usr/local/CrossPack-AVR-20131216/lib/gcc/avr/4.8.1/../../../../avr/lib/avr5/crtm32u4.o
__vector_24                                       /usr/local/CrossPack-AVR-20131216/lib/gcc/avr/4.8.1/../../../../avr/lib/avr5/crtm32u4.o
__vector_25                                       /usr/local/CrossPack-AVR-20131216/lib/gcc/avr/4.8.1/../../../../avr/lib/avr5/crtm32u4.o
__vector_26                                       /usr/local/CrossPack-AVR-20131216/lib/gcc/avr/4.8.1/../../../../avr/lib/avr5/crtm32u4.o
__vector_27                                       /usr/local/CrossPack-AVR-20131216/lib/gcc/avr/4.8.1/../../../../avr/lib/avr5/crtm32u4.o
__vector_28                                       /usr/local/CrossPack-AVR-20131216/lib/gcc/avr/4.8.1/../../../../avr/lib/avr5/crtm32u4.o
__vector_29                                       /usr/local/CrossPack-AVR-20131216/lib/gcc/avr/4.8.1/../../../../avr/lib/avr5/crtm32u4.o
__vector_3                                        /usr/local/CrossPack-AVR-20131216/lib/gcc/avr/4.8.1/../../../../avr/lib/avr5/crtm32u4.o
__vector_30                                       /usr/local/CrossPack-AVR-20131216/lib/gcc/avr/4.8.1/../../../../avr/lib/avr5/crtm32u4.o
__vector_31                                       /usr/local/CrossPack-AVR-20131216/lib/gcc/avr/4.8.1/../../../../avr/lib/avr5/crtm32u4.o
__vector_32                                       /usr/local/CrossPack-AVR-20131216/lib/gcc/avr/4.8.1/../../../../avr/lib/avr5/crtm32u4.o
__vector_33                                       /usr/local/CrossPack-AVR-20131216/lib/gcc/avr/4.8.1/../../../../avr/lib/avr5/crtm32u4.o
__vector_34                                       /usr/local/CrossPack-AVR-20131216/lib/gcc/avr/4.8.1/../../../../avr/lib/avr5/crtm32u4.o
__vector_35                                       /usr/local/CrossPack-AVR-20131216/lib/gcc/avr/4.8.1/../../../../avr/lib/avr5/crtm32u4.o
__vector_36                                       /usr/local/CrossPack-AVR-20131216/lib/gcc/avr/4.8.1/../../../../avr/lib/avr5/crtm32u4.o
__vector_37                                       /usr/local/CrossPack-AVR-20131216/lib/gcc/avr/4.8.1/../../../../avr/lib/avr5/crtm32u4.o
__vector_38                                       /usr/local/CrossPack-AVR-20131216/lib/gcc/avr/4.8.1/../../../../avr/lib/avr5/crtm32u4.o
__vector_39                                       /usr/local/CrossPack-AVR-20131216/lib/gcc/avr/4.8.1/../../../../avr/lib/avr5/crtm32u4.o
__vector_4                                        /usr/local/CrossPack-AVR-20131216/lib/gcc/avr/4.8.1/../../../../avr/lib/avr5/crtm32u4.o
__vector_40                                       /usr/local/CrossPack-AVR-20131216/lib/gcc/avr/4.8.1/../../../../avr/lib/avr5/crtm32u4.o
__vector_41                                       /usr/local/CrossPack-AVR-20131216/lib/gcc/avr/4.8.1/../../../../avr/lib/avr5/crtm32u4.o
__vector_42                                       /usr/local/CrossPack-AVR-20131216/lib/gcc/avr/4.8.1/../../../../avr/lib/avr5/crtm32u4.o
__vector_5                                        /usr/local/CrossPack-AVR-20131216/lib/gcc/avr/4.8.1/../../../../avr/lib/avr5/crtm32u4.o
__vector_6                                        /usr/local/CrossPack-AVR-20131216/lib/gcc/avr/4.8.1/../../../../avr/lib/avr5/crtm32u4.o
__vector_7                                        /usr/local/CrossPack-AVR-20131216/lib/gcc/avr/4.8.1/../../../../avr/lib/avr5/crtm32u4.o
__vector_8                                        /usr/local/CrossPack-AVR-20131216/lib/gcc/avr/4.8.1/../../../../avr/lib/avr5/crtm32u4.o
__vector_9                                        /usr/local/CrossPack-AVR-20131216/lib/gcc/avr/4.8.1/../../../../avr/lib/avr5/crtm32u4.o
__vector_default                                  /usr/local/CrossPack-AVR-20131216/lib/gcc/avr/4.8.1/../../../../avr/lib/avr5/crtm32u4.o
__vectors                                         /usr/local/CrossPack-AVR-20131216/lib/gcc/avr/4.8.1/../../../../avr/lib/avr5/crtm32u4.o
_exit                                             /usr/local/CrossPack-AVR-20131216/lib/gcc/avr/4.8.1/avr5/libgcc.a(_exit.o)
_kb_layout                                        keyboard/ergodox/layout/default--layout.o
                                                  lib/key-functions/public/special.o
                                                  lib/key-functions/public/basic.o
_kb_layout_press                                  keyboard/ergodox/layout/default--layout.o
                                                  main.o
_kb_layout_release                                keyboard/ergodox/layout/default--layout.o
                                                  main.o
_kbfun_is_pressed                                 lib/key-functions/private.o
                                                  lib/key-functions/public/special.o
                                                  lib/key-functions/public/basic.o
_kbfun_press_release                              lib/key-functions/private.o
                                                  lib/key-functions/public/special.o
                                                  lib/key-functions/public/basic.o
exit                                              /usr/local/CrossPack-AVR-20131216/lib/gcc/avr/4.8.1/avr5/libgcc.a(_exit.o)
                                                  /usr/local/CrossPack-AVR-20131216/lib/gcc/avr/4.8.1/../../../../avr/lib/avr5/crtm32u4.o
kb_init                                           keyboard/ergodox/controller.o
                                                  main.o
kb_update_matrix                                  keyboard/ergodox/controller.o
                                                  main.o
kbfun_2_keys_capslock_press_release               lib/key-functions/public/special.o
kbfun_jump_to_bootloader                          lib/key-functions/public/device.o
                                                  keyboard/ergodox/layout/default--layout.o
kbfun_layer_pop_1                                 lib/key-functions/public/basic.o
                                                  keyboard/ergodox/layout/default--layout.o
kbfun_layer_pop_10                                lib/key-functions/public/basic.o
                                                  keyboard/ergodox/layout/default--layout.o
kbfun_layer_pop_2                                 lib/key-functions/public/basic.o
                                                  keyboard/ergodox/layout/default--layout.o
kbfun_layer_pop_3                                 lib/key-functions/public/basic.o
                                                  keyboard/ergodox/layout/default--layout.o
kbfun_layer_pop_4                                 lib/key-functions/public/basic.o
                                                  keyboard/ergodox/layout/default--layout.o
kbfun_layer_pop_5                                 lib/key-functions/public/basic.o
                                                  keyboard/ergodox/layout/default--layout.o
kbfun_layer_pop_6                                 lib/key-functions/public/basic.o
                                                  keyboard/ergodox/layout/default--layout.o
kbfun_layer_pop_7                                 lib/key-functions/public/basic.o
                                                  keyboard/ergodox/layout/default--layout.o
kbfun_layer_pop_8                                 lib/key-functions/public/basic.o
                                                  keyboard/ergodox/layout/default--layout.o
kbfun_layer_pop_9                                 lib/key-functions/public/basic.o
                                                  keyboard/ergodox/layout/default--layout.o
kbfun_layer_pop_all                               keyboard/ergodox/layout/default--layout.o
kbfun_layer_pop_numpad                            lib/key-functions/public/special.o
kbfun_layer_push_1                                lib/key-functions/public/basic.o
                                                  keyboard/ergodox/layout/default--layout.o
kbfun_layer_push_10                               lib/key-functions/public/basic.o
kbfun_layer_push_2                                lib/key-functions/public/basic.o
kbfun_layer_push_3                                lib/key-functions/public/basic.o
kbfun_layer_push_4                                lib/key-functions/public/basic.o
kbfun_layer_push_5                                lib/key-functions/public/basic.o
kbfun_layer_push_6                                lib/key-functions/public/basic.o
kbfun_layer_push_7                                lib/key-functions/public/basic.o
kbfun_layer_push_8                                lib/key-functions/public/basic.o
kbfun_layer_push_9                                lib/key-functions/public/basic.o
kbfun_layer_push_numpad                           lib/key-functions/public/special.o
kbfun_press_release                               lib/key-functions/public/basic.o
                                                  lib/key-functions/public/special.o
                                                  keyboard/ergodox/layout/default--layout.o
kbfun_shift_press_release                         lib/key-functions/public/special.o
kbfun_toggle                                      lib/key-functions/public/basic.o
kbfun_transparent                                 lib/key-functions/public/basic.o
                                                  keyboard/ergodox/layout/default--layout.o
keyboard_keys                                     lib-other/pjrc/usb_keyboard/usb_keyboard.o
                                                  lib/key-functions/private.o
keyboard_leds                                     lib-other/pjrc/usb_keyboard/usb_keyboard.o
                                                  main.o
keyboard_modifier_keys                            lib-other/pjrc/usb_keyboard/usb_keyboard.o
                                                  lib/key-functions/private.o
layers                                            main.o
layers_head                                       main.o
layers_ids_in_use                                 main.o
main                                              main.o
                                                  /usr/local/CrossPack-AVR-20131216/lib/gcc/avr/4.8.1/../../../../avr/lib/avr5/crtm32u4.o
main_arg_col                                      lib/key-functions/public/special.o
                                                  lib/key-functions/public/basic.o
                                                  main.o
main_arg_is_pressed                               lib/key-functions/public/special.o
                                                  lib/key-functions/public/basic.o
                                                  main.o
main_arg_layer                                    lib/key-functions/public/special.o
                                                  lib/key-functions/public/basic.o
                                                  main.o
main_arg_layer_offset                             lib/key-functions/public/basic.o
                                                  main.o
main_arg_row                                      lib/key-functions/public/special.o
                                                  lib/key-functions/public/basic.o
                                                  main.o
main_arg_was_pressed                              main.o
main_exec_key                                     main.o
                                                  lib/key-functions/public/basic.o
main_kb_is_pressed                                main.o
main_kb_was_pressed                               main.o
main_layers_get_offset_id                         main.o
main_layers_peek                                  main.o
                                                  lib/key-functions/public/basic.o
main_layers_pop_id                                main.o
                                                  lib/key-functions/public/special.o
                                                  lib/key-functions/public/basic.o
main_layers_pressed                               lib/key-functions/public/basic.o
                                                  main.o
main_layers_push                                  main.o
                                                  lib/key-functions/public/special.o
                                                  lib/key-functions/public/basic.o
main_loop_col                                     main.o
main_loop_row                                     main.o
mcp23018_init                                     keyboard/ergodox/controller/mcp23018.o
                                                  keyboard/ergodox/controller.o
mcp23018_update_matrix                            keyboard/ergodox/controller/mcp23018.o
                                                  keyboard/ergodox/controller.o
teensy_init                                       keyboard/ergodox/controller/teensy-2-0.o
                                                  keyboard/ergodox/controller.o
teensy_update_matrix                              keyboard/ergodox/controller/teensy-2-0.o
                                                  keyboard/ergodox/controller.o
twi_init                                          lib/twi/teensy-2-0.o
                                                  keyboard/ergodox/controller/teensy-2-0.o
twi_read                                          lib/twi/teensy-2-0.o
                                                  keyboard/ergodox/controller/mcp23018.o
twi_send                                          lib/twi/teensy-2-0.o
                                                  keyboard/ergodox/controller/mcp23018.o
twi_start                                         lib/twi/teensy-2-0.o
                                                  keyboard/ergodox/controller/mcp23018.o
twi_stop                                          lib/twi/teensy-2-0.o
                                                  keyboard/ergodox/controller/mcp23018.o
usb_configured                                    lib-other/pjrc/usb_keyboard/usb_keyboard.o
                                                  main.o
usb_init                                          lib-other/pjrc/usb_keyboard/usb_keyboard.o
                                                  main.o
usb_keyboard_press                                lib-other/pjrc/usb_keyboard/usb_keyboard.o
usb_keyboard_send                                 lib-other/pjrc/usb_keyboard/usb_keyboard.o
                                                  lib/key-functions/public/special.o
                                                  main.o
